2026-08-09T18:28:14.510+07:00  INFO 16124 --- [Learn-Resful-Api] [restartedMain] c.d.s.SpringDemoResfulApplication        : Starting SpringDemoResfulApplication using Java 21.0.11 with PID 16124 (E:\spring-boot-resful-practice\target\classes started by xayda in E:\spring-boot-resful-practice)
2026-08-09T18:28:14.511+07:00  INFO 16124 --- [Learn-Resful-Api] [restartedMain] c.d.s.SpringDemoResfulApplication        : The following 1 profile is active: "prod"
2026-08-09T18:28:14.716+07:00  INFO 16124 --- [Learn-Resful-Api] [restartedMain] .s.d.r.c.RepositoryConfigurationDelegate : Bootstrapping Spring Data JPA repositories in DEFAULT mode.
2026-08-09T18:28:14.734+07:00  INFO 16124 --- [Learn-Resful-Api] [restartedMain] .s.d.r.c.RepositoryConfigurationDelegate : Finished Spring Data repository scanning in 16 ms. Found 6 JPA repository interfaces.
2026-08-09T18:28:14.872+07:00  INFO 16124 --- [Learn-Resful-Api] [restartedMain] o.s.boot.tomcat.TomcatWebServer          : Tomcat initialized with port 3000 (http)
2026-08-09T18:28:14.873+07:00  INFO 16124 --- [Learn-Resful-Api] [restartedMain] o.apache.catalina.core.StandardService   : Starting service [Tomcat]
2026-08-09T18:28:14.873+07:00  INFO 16124 --- [Learn-Resful-Api] [restartedMain] o.apache.catalina.core.StandardEngine    : Starting Servlet engine: [Apache Tomcat/11.0.22]
2026-08-09T18:28:14.900+07:00  INFO 16124 --- [Learn-Resful-Api] [restartedMain] b.w.c.s.WebApplicationContextInitializer : Root WebApplicationContext: initialization completed in 387 ms
2026-08-09T18:28:14.968+07:00  INFO 16124 --- [Learn-Resful-Api] [restartedMain] org.hibernate.orm.jpa                    : HHH008540: Processing PersistenceUnitInfo [name: default]
2026-08-09T18:28:14.994+07:00  INFO 16124 --- [Learn-Resful-Api] [restartedMain] o.s.o.j.p.SpringPersistenceUnitInfo      : No LoadTimeWeaver setup: ignoring JPA class transformer
2026-08-09T18:28:14.995+07:00  INFO 16124 --- [Learn-Resful-Api] [restartedMain] com.zaxxer.hikari.HikariDataSource       : HikariPool-9 - Starting...
2026-08-09T18:28:15.014+07:00  INFO 16124 --- [Learn-Resful-Api] [restartedMain] com.zaxxer.hikari.pool.HikariPool        : HikariPool-9 - Added connection com.mysql.cj.jdbc.ConnectionImpl@339e328
2026-08-09T18:28:15.014+07:00  INFO 16124 --- [Learn-Resful-Api] [restartedMain] com.zaxxer.hikari.HikariDataSource       : HikariPool-9 - Start completed.
2026-08-09T18:28:15.016+07:00  INFO 16124 --- [Learn-Resful-Api] [restartedMain] org.hibernate.orm.connections.pooling    : HHH10001005: Database info:
	Database JDBC URL [jdbc:mysql://localhost:3306/springdemoresful]
	Database driver: MySQL Connector/J
	Database dialect: MySQLDialect
	Database version: 8.0.46
	Default catalog/schema: springdemoresful/undefined
	Autocommit mode: undefined/unknown
	Isolation level: REPEATABLE_READ [default REPEATABLE_READ]
	JDBC fetch size: none
	Pool: DataSourceConnectionProvider
	Minimum pool size: undefined/unknown
	Maximum pool size: undefined/unknown
2026-08-09T18:28:15.124+07:00  INFO 16124 --- [Learn-Resful-Api] [restartedMain] org.hibernate.orm.core                   : HHH000489: No JTA platform available (set 'hibernate.transaction.jta.platform' to enable JTA platform integration)
2026-08-09T18:28:15.145+07:00  INFO 16124 --- [Learn-Resful-Api] [restartedMain] j.LocalContainerEntityManagerFactoryBean : Initialized JPA EntityManagerFactory for persistence unit 'default'
2026-08-09T18:28:15.413+07:00  WARN 16124 --- [Learn-Resful-Api] [restartedMain] JpaBaseConfiguration$JpaWebConfiguration : spring.jpa.open-in-view is enabled by default. Therefore, database queries may be performed during view rendering. Explicitly configure spring.jpa.open-in-view to disable this warning
2026-08-09T18:28:15.485+07:00  INFO 16124 --- [Learn-Resful-Api] [restartedMain] r$InitializeUserDetailsManagerConfigurer : Global AuthenticationManager configured with UserDetailsService bean with name userDetailsService
2026-08-09T18:28:15.802+07:00  INFO 16124 --- [Learn-Resful-Api] [restartedMain] o.s.boot.tomcat.TomcatWebServer          : Tomcat started on port 3000 (http) with context path '/'
2026-08-09T18:28:15.802+07:00  INFO 16124 --- [Learn-Resful-Api] [restartedMain] c.d.s.SpringDemoResfulApplication        : Started SpringDemoResfulApplication in 1.339 seconds (process running for 489.636)
2026-08-09T18:28:15.802+07:00  WARN 16124 --- [Learn-Resful-Api] [restartedMain] o.s.core.events.SpringDocAppInitializer  : SpringDoc /v3/api-docs endpoint is enabled by default. To disable it in production, set the property 'springdoc.api-docs.enabled=false'
2026-08-09T18:28:15.802+07:00  WARN 16124 --- [Learn-Resful-Api] [restartedMain] o.s.core.events.SpringDocAppInitializer  : SpringDoc /swagger-ui.html endpoint is enabled by default. To disable it in production, set the property 'springdoc.swagger-ui.enabled=false'
2026-08-09T18:28:15.802+07:00  INFO 16124 --- [Learn-Resful-Api] [restartedMain] .ConditionEvaluationDeltaLoggingListener : Condition evaluation unchanged
2026-08-09T18:31:53.514+07:00  INFO 16124 --- [Learn-Resful-Api] [File Watcher] rtingClassPathChangeChangedEventListener : Restarting due to 1 class path change (0 additions, 1 deletion, 0 modifications)
2026-08-09T18:31:53.516+07:00  INFO 16124 --- [Learn-Resful-Api] [Thread-35] o.s.boot.tomcat.GracefulShutdown         : Commencing graceful shutdown. Waiting for active requests to complete
2026-08-09T18:31:53.531+07:00  INFO 16124 --- [Learn-Resful-Api] [tomcat-shutdown] o.s.boot.tomcat.GracefulShutdown         : Graceful shutdown complete
2026-08-09T18:31:53.534+07:00  INFO 16124 --- [Learn-Resful-Api] [Thread-35] j.LocalContainerEntityManagerFactoryBean : Closing JPA EntityManagerFactory for persistence unit 'default'
2026-08-09T18:31:53.535+07:00  INFO 16124 --- [Learn-Resful-Api] [Thread-35] com.zaxxer.hikari.HikariDataSource       : HikariPool-9 - Shutdown initiated...
2026-08-09T18:31:53.541+07:00  INFO 16124 --- [Learn-Resful-Api] [Thread-35] com.zaxxer.hikari.HikariDataSource       : HikariPool-9 - Shutdown completed.
2026-08-09T18:31:53.655+07:00  INFO 16124 --- [Learn-Resful-Api] [restartedMain] c.d.s.SpringDemoResfulApplication        : Starting SpringDemoResfulApplication using Java 21.0.11 with PID 16124 (E:\spring-boot-resful-practice\target\classes started by xayda in E:\spring-boot-resful-practice)
2026-08-09T18:31:53.656+07:00  INFO 16124 --- [Learn-Resful-Api] [restartedMain] c.d.s.SpringDemoResfulApplication        : The following 1 profile is active: "prod"
2026-08-09T18:31:53.961+07:00  INFO 16124 --- [Learn-Resful-Api] [restartedMain] .s.d.r.c.RepositoryConfigurationDelegate : Bootstrapping Spring Data JPA repositories in DEFAULT mode.
2026-08-09T18:31:53.985+07:00  INFO 16124 --- [Learn-Resful-Api] [restartedMain] .s.d.r.c.RepositoryConfigurationDelegate : Finished Spring Data repository scanning in 18 ms. Found 6 JPA repository interfaces.
2026-08-09T18:31:54.139+07:00  INFO 16124 --- [Learn-Resful-Api] [restartedMain] o.s.boot.tomcat.TomcatWebServer          : Tomcat initialized with port 3000 (http)
2026-08-09T18:31:54.141+07:00  INFO 16124 --- [Learn-Resful-Api] [restartedMain] o.apache.catalina.core.StandardService   : Starting service [Tomcat]
2026-08-09T18:31:54.141+07:00  INFO 16124 --- [Learn-Resful-Api] [restartedMain] o.apache.catalina.core.StandardEngine    : Starting Servlet engine: [Apache Tomcat/11.0.22]
2026-08-09T18:31:54.172+07:00  INFO 16124 --- [Learn-Resful-Api] [restartedMain] b.w.c.s.WebApplicationContextInitializer : Root WebApplicationContext: initialization completed in 514 ms
2026-08-09T18:31:54.322+07:00  INFO 16124 --- [Learn-Resful-Api] [restartedMain] org.hibernate.orm.jpa                    : HHH008540: Processing PersistenceUnitInfo [name: default]
2026-08-09T18:31:54.367+07:00  INFO 16124 --- [Learn-Resful-Api] [restartedMain] o.s.o.j.p.SpringPersistenceUnitInfo      : No LoadTimeWeaver setup: ignoring JPA class transformer
2026-08-09T18:31:54.368+07:00  INFO 16124 --- [Learn-Resful-Api] [restartedMain] com.zaxxer.hikari.HikariDataSource       : HikariPool-10 - Starting...
2026-08-09T18:31:54.397+07:00  INFO 16124 --- [Learn-Resful-Api] [restartedMain] com.zaxxer.hikari.pool.HikariPool        : HikariPool-10 - Added connection com.mysql.cj.jdbc.ConnectionImpl@2900f870
2026-08-09T18:31:54.398+07:00  INFO 16124 --- [Learn-Resful-Api] [restartedMain] com.zaxxer.hikari.HikariDataSource       : HikariPool-10 - Start completed.
2026-08-09T18:31:54.400+07:00  INFO 16124 --- [Learn-Resful-Api] [restartedMain] org.hibernate.orm.connections.pooling    : HHH10001005: Database info:
	Database JDBC URL [jdbc:mysql://localhost:3306/springdemoresful]
	Database driver: MySQL Connector/J
	Database dialect: MySQLDialect
	Database version: 8.0.46
	Default catalog/schema: springdemoresful/undefined
	Autocommit mode: undefined/unknown
	Isolation level: REPEATABLE_READ [default REPEATABLE_READ]
	JDBC fetch size: none
	Pool: DataSourceConnectionProvider
	Minimum pool size: undefined/unknown
	Maximum pool size: undefined/unknown
2026-08-09T18:31:54.575+07:00  INFO 16124 --- [Learn-Resful-Api] [restartedMain] org.hibernate.orm.core                   : HHH000489: No JTA platform available (set 'hibernate.transaction.jta.platform' to enable JTA platform integration)
2026-08-09T18:31:54.598+07:00  INFO 16124 --- [Learn-Resful-Api] [restartedMain] j.LocalContainerEntityManagerFactoryBean : Initialized JPA EntityManagerFactory for persistence unit 'default'
2026-08-09T18:31:54.990+07:00  WARN 16124 --- [Learn-Resful-Api] [restartedMain] JpaBaseConfiguration$JpaWebConfiguration : spring.jpa.open-in-view is enabled by default. Therefore, database queries may be performed during view rendering. Explicitly configure spring.jpa.open-in-view to disable this warning
2026-08-09T18:31:55.073+07:00  INFO 16124 --- [Learn-Resful-Api] [restartedMain] r$InitializeUserDetailsManagerConfigurer : Global AuthenticationManager configured with UserDetailsService bean with name userDetailsService
2026-08-09T18:31:55.515+07:00  INFO 16124 --- [Learn-Resful-Api] [restartedMain] o.s.boot.tomcat.TomcatWebServer          : Tomcat started on port 3000 (http) with context path '/'
2026-08-09T18:31:55.518+07:00  INFO 16124 --- [Learn-Resful-Api] [restartedMain] c.d.s.SpringDemoResfulApplication        : Started SpringDemoResfulApplication in 1.905 seconds (process running for 709.341)
2026-08-09T18:31:55.519+07:00  WARN 16124 --- [Learn-Resful-Api] [restartedMain] o.s.core.events.SpringDocAppInitializer  : SpringDoc /v3/api-docs endpoint is enabled by default. To disable it in production, set the property 'springdoc.api-docs.enabled=false'
2026-08-09T18:31:55.519+07:00  WARN 16124 --- [Learn-Resful-Api] [restartedMain] o.s.core.events.SpringDocAppInitializer  : SpringDoc /swagger-ui.html endpoint is enabled by default. To disable it in production, set the property 'springdoc.swagger-ui.enabled=false'
2026-08-09T18:31:55.519+07:00  INFO 16124 --- [Learn-Resful-Api] [restartedMain] .ConditionEvaluationDeltaLoggingListener : Condition evaluation unchanged
2026-08-09T18:31:56.886+07:00  INFO 16124 --- [Learn-Resful-Api] [File Watcher] rtingClassPathChangeChangedEventListener : Restarting due to 1 class path change (1 addition, 0 deletions, 0 modifications)
2026-08-09T18:31:56.887+07:00  INFO 16124 --- [Learn-Resful-Api] [Thread-39] o.s.boot.tomcat.GracefulShutdown         : Commencing graceful shutdown. Waiting for active requests to complete
2026-08-09T18:31:56.901+07:00  INFO 16124 --- [Learn-Resful-Api] [tomcat-shutdown] o.s.boot.tomcat.GracefulShutdown         : Graceful shutdown complete
2026-08-09T18:31:56.904+07:00  INFO 16124 --- [Learn-Resful-Api] [Thread-39] j.LocalContainerEntityManagerFactoryBean : Closing JPA EntityManagerFactory for persistence unit 'default'
2026-08-09T18:31:56.905+07:00  INFO 16124 --- [Learn-Resful-Api] [Thread-39] com.zaxxer.hikari.HikariDataSource       : HikariPool-10 - Shutdown initiated...
2026-08-09T18:31:56.916+07:00  INFO 16124 --- [Learn-Resful-Api] [Thread-39] com.zaxxer.hikari.HikariDataSource       : HikariPool-10 - Shutdown completed.
2026-08-09T18:31:57.025+07:00  INFO 16124 --- [Learn-Resful-Api] [restartedMain] c.d.s.SpringDemoResfulApplication        : Starting SpringDemoResfulApplication using Java 21.0.11 with PID 16124 (E:\spring-boot-resful-practice\target\classes started by xayda in E:\spring-boot-resful-practice)
2026-08-09T18:31:57.025+07:00  INFO 16124 --- [Learn-Resful-Api] [restartedMain] c.d.s.SpringDemoResfulApplication        : The following 1 profile is active: "prod"
2026-08-09T18:31:57.244+07:00  INFO 16124 --- [Learn-Resful-Api] [restartedMain] .s.d.r.c.RepositoryConfigurationDelegate : Bootstrapping Spring Data JPA repositories in DEFAULT mode.
2026-08-09T18:31:57.263+07:00  INFO 16124 --- [Learn-Resful-Api] [restartedMain] .s.d.r.c.RepositoryConfigurationDelegate : Finished Spring Data repository scanning in 16 ms. Found 6 JPA repository interfaces.
2026-08-09T18:31:57.390+07:00  INFO 16124 --- [Learn-Resful-Api] [restartedMain] o.s.boot.tomcat.TomcatWebServer          : Tomcat initialized with port 3000 (http)
2026-08-09T18:31:57.391+07:00  INFO 16124 --- [Learn-Resful-Api] [restartedMain] o.apache.catalina.core.StandardService   : Starting service [Tomcat]
2026-08-09T18:31:57.391+07:00  INFO 16124 --- [Learn-Resful-Api] [restartedMain] o.apache.catalina.core.StandardEngine    : Starting Servlet engine: [Apache Tomcat/11.0.22]
2026-08-09T18:31:57.420+07:00  INFO 16124 --- [Learn-Resful-Api] [restartedMain] b.w.c.s.WebApplicationContextInitializer : Root WebApplicationContext: initialization completed in 393 ms
2026-08-09T18:31:57.528+07:00  INFO 16124 --- [Learn-Resful-Api] [restartedMain] org.hibernate.orm.jpa                    : HHH008540: Processing PersistenceUnitInfo [name: default]
2026-08-09T18:31:57.556+07:00  INFO 16124 --- [Learn-Resful-Api] [restartedMain] o.s.o.j.p.SpringPersistenceUnitInfo      : No LoadTimeWeaver setup: ignoring JPA class transformer
2026-08-09T18:31:57.557+07:00  INFO 16124 --- [Learn-Resful-Api] [restartedMain] com.zaxxer.hikari.HikariDataSource       : HikariPool-11 - Starting...
2026-08-09T18:31:57.577+07:00  INFO 16124 --- [Learn-Resful-Api] [restartedMain] com.zaxxer.hikari.pool.HikariPool        : HikariPool-11 - Added connection com.mysql.cj.jdbc.ConnectionImpl@61633500
2026-08-09T18:31:57.577+07:00  INFO 16124 --- [Learn-Resful-Api] [restartedMain] com.zaxxer.hikari.HikariDataSource       : HikariPool-11 - Start completed.
2026-08-09T18:31:57.578+07:00  INFO 16124 --- [Learn-Resful-Api] [restartedMain] org.hibernate.orm.connections.pooling    : HHH10001005: Database info:
	Database JDBC URL [jdbc:mysql://localhost:3306/springdemoresful]
	Database driver: MySQL Connector/J
	Database dialect: MySQLDialect
	Database version: 8.0.46
	Default catalog/schema: springdemoresful/undefined
	Autocommit mode: undefined/unknown
	Isolation level: REPEATABLE_READ [default REPEATABLE_READ]
	JDBC fetch size: none
	Pool: DataSourceConnectionProvider
	Minimum pool size: undefined/unknown
	Maximum pool size: undefined/unknown
2026-08-09T18:31:57.691+07:00  INFO 16124 --- [Learn-Resful-Api] [restartedMain] org.hibernate.orm.core                   : HHH000489: No JTA platform available (set 'hibernate.transaction.jta.platform' to enable JTA platform integration)
2026-08-09T18:31:57.715+07:00  INFO 16124 --- [Learn-Resful-Api] [restartedMain] j.LocalContainerEntityManagerFactoryBean : Initialized JPA EntityManagerFactory for persistence unit 'default'
2026-08-09T18:31:57.997+07:00  WARN 16124 --- [Learn-Resful-Api] [restartedMain] JpaBaseConfiguration$JpaWebConfiguration : spring.jpa.open-in-view is enabled by default. Therefore, database queries may be performed during view rendering. Explicitly configure spring.jpa.open-in-view to disable this warning
2026-08-09T18:31:58.063+07:00  INFO 16124 --- [Learn-Resful-Api] [restartedMain] r$InitializeUserDetailsManagerConfigurer : Global AuthenticationManager configured with UserDetailsService bean with name userDetailsService
2026-08-09T18:31:58.435+07:00  INFO 16124 --- [Learn-Resful-Api] [restartedMain] o.s.boot.tomcat.TomcatWebServer          : Tomcat started on port 3000 (http) with context path '/'
2026-08-09T18:31:58.437+07:00  INFO 16124 --- [Learn-Resful-Api] [restartedMain] c.d.s.SpringDemoResfulApplication        : Started SpringDemoResfulApplication in 1.449 seconds (process running for 712.261)
2026-08-09T18:31:58.438+07:00  WARN 16124 --- [Learn-Resful-Api] [restartedMain] o.s.core.events.SpringDocAppInitializer  : SpringDoc /v3/api-docs endpoint is enabled by default. To disable it in production, set the property 'springdoc.api-docs.enabled=false'
2026-08-09T18:31:58.438+07:00  WARN 16124 --- [Learn-Resful-Api] [restartedMain] o.s.core.events.SpringDocAppInitializer  : SpringDoc /swagger-ui.html endpoint is enabled by default. To disable it in production, set the property 'springdoc.swagger-ui.enabled=false'
2026-08-09T18:31:58.439+07:00  INFO 16124 --- [Learn-Resful-Api] [restartedMain] .ConditionEvaluationDeltaLoggingListener : Condition evaluation unchanged
2026-08-09T18:32:00.883+07:00  INFO 16124 --- [Learn-Resful-Api] [File Watcher] rtingClassPathChangeChangedEventListener : Restarting due to 1 class path change (0 additions, 1 deletion, 0 modifications)
2026-08-09T18:32:00.885+07:00  INFO 16124 --- [Learn-Resful-Api] [Thread-43] o.s.boot.tomcat.GracefulShutdown         : Commencing graceful shutdown. Waiting for active requests to complete
2026-08-09T18:32:00.903+07:00  INFO 16124 --- [Learn-Resful-Api] [tomcat-shutdown] o.s.boot.tomcat.GracefulShutdown         : Graceful shutdown complete
2026-08-09T18:32:00.923+07:00  INFO 16124 --- [Learn-Resful-Api] [Thread-43] j.LocalContainerEntityManagerFactoryBean : Closing JPA EntityManagerFactory for persistence unit 'default'
2026-08-09T18:32:00.958+07:00  INFO 16124 --- [Learn-Resful-Api] [Thread-43] com.zaxxer.hikari.HikariDataSource       : HikariPool-11 - Shutdown initiated...
2026-08-09T18:32:00.967+07:00  INFO 16124 --- [Learn-Resful-Api] [Thread-43] com.zaxxer.hikari.HikariDataSource       : HikariPool-11 - Shutdown completed.
2026-08-09T18:32:01.166+07:00  INFO 16124 --- [Learn-Resful-Api] [restartedMain] c.d.s.SpringDemoResfulApplication        : Starting SpringDemoResfulApplication using Java 21.0.11 with PID 16124 (E:\spring-boot-resful-practice\target\classes started by xayda in E:\spring-boot-resful-practice)
2026-08-09T18:32:01.167+07:00  INFO 16124 --- [Learn-Resful-Api] [restartedMain] c.d.s.SpringDemoResfulApplication        : The following 1 profile is active: "prod"
2026-08-09T18:32:01.788+07:00  INFO 16124 --- [Learn-Resful-Api] [restartedMain] .s.d.r.c.RepositoryConfigurationDelegate : Bootstrapping Spring Data JPA repositories in DEFAULT mode.
2026-08-09T18:32:01.822+07:00  INFO 16124 --- [Learn-Resful-Api] [restartedMain] .s.d.r.c.RepositoryConfigurationDelegate : Finished Spring Data repository scanning in 30 ms. Found 6 JPA repository interfaces.
2026-08-09T18:32:02.074+07:00  INFO 16124 --- [Learn-Resful-Api] [restartedMain] o.s.boot.tomcat.TomcatWebServer          : Tomcat initialized with port 3000 (http)
2026-08-09T18:32:02.076+07:00  INFO 16124 --- [Learn-Resful-Api] [restartedMain] o.apache.catalina.core.StandardService   : Starting service [Tomcat]
2026-08-09T18:32:02.077+07:00  INFO 16124 --- [Learn-Resful-Api] [restartedMain] o.apache.catalina.core.StandardEngine    : Starting Servlet engine: [Apache Tomcat/11.0.22]
2026-08-09T18:32:02.122+07:00  INFO 16124 --- [Learn-Resful-Api] [restartedMain] b.w.c.s.WebApplicationContextInitializer : Root WebApplicationContext: initialization completed in 952 ms
2026-08-09T18:32:02.305+07:00  INFO 16124 --- [Learn-Resful-Api] [restartedMain] org.hibernate.orm.jpa                    : HHH008540: Processing PersistenceUnitInfo [name: default]
2026-08-09T18:32:02.357+07:00  INFO 16124 --- [Learn-Resful-Api] [restartedMain] o.s.o.j.p.SpringPersistenceUnitInfo      : No LoadTimeWeaver setup: ignoring JPA class transformer
2026-08-09T18:32:02.359+07:00  INFO 16124 --- [Learn-Resful-Api] [restartedMain] com.zaxxer.hikari.HikariDataSource       : HikariPool-12 - Starting...
2026-08-09T18:32:02.381+07:00  INFO 16124 --- [Learn-Resful-Api] [restartedMain] com.zaxxer.hikari.pool.HikariPool        : HikariPool-12 - Added connection com.mysql.cj.jdbc.ConnectionImpl@3152f68f
2026-08-09T18:32:02.381+07:00  INFO 16124 --- [Learn-Resful-Api] [restartedMain] com.zaxxer.hikari.HikariDataSource       : HikariPool-12 - Start completed.
2026-08-09T18:32:02.385+07:00  INFO 16124 --- [Learn-Resful-Api] [restartedMain] org.hibernate.orm.connections.pooling    : HHH10001005: Database info:
	Database JDBC URL [jdbc:mysql://localhost:3306/springdemoresful]
	Database driver: MySQL Connector/J
	Database dialect: MySQLDialect
	Database version: 8.0.46
	Default catalog/schema: springdemoresful/undefined
	Autocommit mode: undefined/unknown
	Isolation level: REPEATABLE_READ [default REPEATABLE_READ]
	JDBC fetch size: none
	Pool: DataSourceConnectionProvider
	Minimum pool size: undefined/unknown
	Maximum pool size: undefined/unknown
2026-08-09T18:32:02.562+07:00  INFO 16124 --- [Learn-Resful-Api] [restartedMain] org.hibernate.orm.core                   : HHH000489: No JTA platform available (set 'hibernate.transaction.jta.platform' to enable JTA platform integration)
2026-08-09T18:32:02.592+07:00  INFO 16124 --- [Learn-Resful-Api] [restartedMain] j.LocalContainerEntityManagerFactoryBean : Initialized JPA EntityManagerFactory for persistence unit 'default'
2026-08-09T18:32:03.217+07:00  WARN 16124 --- [Learn-Resful-Api] [restartedMain] JpaBaseConfiguration$JpaWebConfiguration : spring.jpa.open-in-view is enabled by default. Therefore, database queries may be performed during view rendering. Explicitly configure spring.jpa.open-in-view to disable this warning
2026-08-09T18:32:03.421+07:00  INFO 16124 --- [Learn-Resful-Api] [restartedMain] r$InitializeUserDetailsManagerConfigurer : Global AuthenticationManager configured with UserDetailsService bean with name userDetailsService
2026-08-09T18:32:04.158+07:00  INFO 16124 --- [Learn-Resful-Api] [restartedMain] o.s.boot.tomcat.TomcatWebServer          : Tomcat started on port 3000 (http) with context path '/'
2026-08-09T18:32:04.162+07:00  INFO 16124 --- [Learn-Resful-Api] [restartedMain] c.d.s.SpringDemoResfulApplication        : Started SpringDemoResfulApplication in 3.073 seconds (process running for 717.986)
2026-08-09T18:32:04.163+07:00  WARN 16124 --- [Learn-Resful-Api] [restartedMain] o.s.core.events.SpringDocAppInitializer  : SpringDoc /v3/api-docs endpoint is enabled by default. To disable it in production, set the property 'springdoc.api-docs.enabled=false'
2026-08-09T18:32:04.163+07:00  WARN 16124 --- [Learn-Resful-Api] [restartedMain] o.s.core.events.SpringDocAppInitializer  : SpringDoc /swagger-ui.html endpoint is enabled by default. To disable it in production, set the property 'springdoc.swagger-ui.enabled=false'
2026-08-09T18:32:04.165+07:00  INFO 16124 --- [Learn-Resful-Api] [restartedMain] .ConditionEvaluationDeltaLoggingListener : Condition evaluation unchanged
2026-08-09T18:32:05.557+07:00  INFO 16124 --- [Learn-Resful-Api] [File Watcher] rtingClassPathChangeChangedEventListener : Restarting due to 1 class path change (1 addition, 0 deletions, 0 modifications)
2026-08-09T18:32:05.559+07:00  INFO 16124 --- [Learn-Resful-Api] [Thread-47] o.s.boot.tomcat.GracefulShutdown         : Commencing graceful shutdown. Waiting for active requests to complete
2026-08-09T18:32:05.591+07:00  INFO 16124 --- [Learn-Resful-Api] [tomcat-shutdown] o.s.boot.tomcat.GracefulShutdown         : Graceful shutdown complete
2026-08-09T18:32:05.595+07:00  INFO 16124 --- [Learn-Resful-Api] [Thread-47] j.LocalContainerEntityManagerFactoryBean : Closing JPA EntityManagerFactory for persistence unit 'default'
2026-08-09T18:32:05.596+07:00  INFO 16124 --- [Learn-Resful-Api] [Thread-47] com.zaxxer.hikari.HikariDataSource       : HikariPool-12 - Shutdown initiated...
2026-08-09T18:32:05.602+07:00  INFO 16124 --- [Learn-Resful-Api] [Thread-47] com.zaxxer.hikari.HikariDataSource       : HikariPool-12 - Shutdown completed.
2026-08-09T18:32:05.740+07:00  INFO 16124 --- [Learn-Resful-Api] [restartedMain] c.d.s.SpringDemoResfulApplication        : Starting SpringDemoResfulApplication using Java 21.0.11 with PID 16124 (E:\spring-boot-resful-practice\target\classes started by xayda in E:\spring-boot-resful-practice)
2026-08-09T18:32:05.740+07:00  INFO 16124 --- [Learn-Resful-Api] [restartedMain] c.d.s.SpringDemoResfulApplication        : The following 1 profile is active: "prod"
2026-08-09T18:32:06.046+07:00  INFO 16124 --- [Learn-Resful-Api] [restartedMain] .s.d.r.c.RepositoryConfigurationDelegate : Bootstrapping Spring Data JPA repositories in DEFAULT mode.
2026-08-09T18:32:06.072+07:00  INFO 16124 --- [Learn-Resful-Api] [restartedMain] .s.d.r.c.RepositoryConfigurationDelegate : Finished Spring Data repository scanning in 23 ms. Found 6 JPA repository interfaces.
2026-08-09T18:32:06.257+07:00  INFO 16124 --- [Learn-Resful-Api] [restartedMain] o.s.boot.tomcat.TomcatWebServer          : Tomcat initialized with port 3000 (http)
2026-08-09T18:32:06.258+07:00  INFO 16124 --- [Learn-Resful-Api] [restartedMain] o.apache.catalina.core.StandardService   : Starting service [Tomcat]
2026-08-09T18:32:06.258+07:00  INFO 16124 --- [Learn-Resful-Api] [restartedMain] o.apache.catalina.core.StandardEngine    : Starting Servlet engine: [Apache Tomcat/11.0.22]
2026-08-09T18:32:06.293+07:00  INFO 16124 --- [Learn-Resful-Api] [restartedMain] b.w.c.s.WebApplicationContextInitializer : Root WebApplicationContext: initialization completed in 551 ms
2026-08-09T18:32:06.428+07:00  INFO 16124 --- [Learn-Resful-Api] [restartedMain] org.hibernate.orm.jpa                    : HHH008540: Processing PersistenceUnitInfo [name: default]
2026-08-09T18:32:06.463+07:00  INFO 16124 --- [Learn-Resful-Api] [restartedMain] o.s.o.j.p.SpringPersistenceUnitInfo      : No LoadTimeWeaver setup: ignoring JPA class transformer
2026-08-09T18:32:06.463+07:00  INFO 16124 --- [Learn-Resful-Api] [restartedMain] com.zaxxer.hikari.HikariDataSource       : HikariPool-13 - Starting...
2026-08-09T18:32:06.483+07:00  INFO 16124 --- [Learn-Resful-Api] [restartedMain] com.zaxxer.hikari.pool.HikariPool        : HikariPool-13 - Added connection com.mysql.cj.jdbc.ConnectionImpl@21d7f64d
2026-08-09T18:32:06.483+07:00  INFO 16124 --- [Learn-Resful-Api] [restartedMain] com.zaxxer.hikari.HikariDataSource       : HikariPool-13 - Start completed.
2026-08-09T18:32:06.485+07:00  INFO 16124 --- [Learn-Resful-Api] [restartedMain] org.hibernate.orm.connections.pooling    : HHH10001005: Database info:
	Database JDBC URL [jdbc:mysql://localhost:3306/springdemoresful]
	Database driver: MySQL Connector/J
	Database dialect: MySQLDialect
	Database version: 8.0.46
	Default catalog/schema: springdemoresful/undefined
	Autocommit mode: undefined/unknown
	Isolation level: REPEATABLE_READ [default REPEATABLE_READ]
	JDBC fetch size: none
	Pool: DataSourceConnectionProvider
	Minimum pool size: undefined/unknown
	Maximum pool size: undefined/unknown
2026-08-09T18:32:06.631+07:00  INFO 16124 --- [Learn-Resful-Api] [restartedMain] org.hibernate.orm.core                   : HHH000489: No JTA platform available (set 'hibernate.transaction.jta.platform' to enable JTA platform integration)
2026-08-09T18:32:06.656+07:00  INFO 16124 --- [Learn-Resful-Api] [restartedMain] j.LocalContainerEntityManagerFactoryBean : Initialized JPA EntityManagerFactory for persistence unit 'default'
2026-08-09T18:32:07.149+07:00  WARN 16124 --- [Learn-Resful-Api] [restartedMain] JpaBaseConfiguration$JpaWebConfiguration : spring.jpa.open-in-view is enabled by default. Therefore, database queries may be performed during view rendering. Explicitly configure spring.jpa.open-in-view to disable this warning
2026-08-09T18:32:07.263+07:00  INFO 16124 --- [Learn-Resful-Api] [restartedMain] r$InitializeUserDetailsManagerConfigurer : Global AuthenticationManager configured with UserDetailsService bean with name userDetailsService
2026-08-09T18:32:08.407+07:00  INFO 16124 --- [Learn-Resful-Api] [restartedMain] o.s.boot.tomcat.TomcatWebServer          : Tomcat started on port 3000 (http) with context path '/'
2026-08-09T18:32:08.414+07:00  INFO 16124 --- [Learn-Resful-Api] [restartedMain] c.d.s.SpringDemoResfulApplication        : Started SpringDemoResfulApplication in 2.72 seconds (process running for 722.237)
2026-08-09T18:32:08.416+07:00  WARN 16124 --- [Learn-Resful-Api] [restartedMain] o.s.core.events.SpringDocAppInitializer  : SpringDoc /v3/api-docs endpoint is enabled by default. To disable it in production, set the property 'springdoc.api-docs.enabled=false'
2026-08-09T18:32:08.416+07:00  WARN 16124 --- [Learn-Resful-Api] [restartedMain] o.s.core.events.SpringDocAppInitializer  : SpringDoc /swagger-ui.html endpoint is enabled by default. To disable it in production, set the property 'springdoc.swagger-ui.enabled=false'
2026-08-09T18:32:08.417+07:00  INFO 16124 --- [Learn-Resful-Api] [restartedMain] .ConditionEvaluationDeltaLoggingListener : Condition evaluation unchanged
2026-08-09T18:34:27.766+07:00  INFO 16124 --- [Learn-Resful-Api] [File Watcher] rtingClassPathChangeChangedEventListener : Restarting due to 1 class path change (0 additions, 0 deletions, 1 modification)
2026-08-09T18:34:27.768+07:00  INFO 16124 --- [Learn-Resful-Api] [Thread-51] o.s.boot.tomcat.GracefulShutdown         : Commencing graceful shutdown. Waiting for active requests to complete
2026-08-09T18:34:27.783+07:00  INFO 16124 --- [Learn-Resful-Api] [tomcat-shutdown] o.s.boot.tomcat.GracefulShutdown         : Graceful shutdown complete
2026-08-09T18:34:27.786+07:00  INFO 16124 --- [Learn-Resful-Api] [Thread-51] j.LocalContainerEntityManagerFactoryBean : Closing JPA EntityManagerFactory for persistence unit 'default'
2026-08-09T18:34:27.787+07:00  INFO 16124 --- [Learn-Resful-Api] [Thread-51] com.zaxxer.hikari.HikariDataSource       : HikariPool-13 - Shutdown initiated...
2026-08-09T18:34:27.791+07:00  INFO 16124 --- [Learn-Resful-Api] [Thread-51] com.zaxxer.hikari.HikariDataSource       : HikariPool-13 - Shutdown completed.
